{
  "version": "1.2.0",
  "plugins_used": [
    {
      "name": "ArtifactoryDetector"
    },
    {
      "name": "AWSKeyDetector"
    },
    {
      "name": "AzureStorageKeyDetector"
    },
    {
      "name": "Base64HighEntropyString",
      "limit": 4.5
    },
    {
      "name": "BasicAuthDetector"
    },
    {
      "name": "CloudantDetector"
    },
    {
      "name": "GitHubTokenDetector"
    },
    {
      "name": "HexHighEntropyString",
      "limit": 3.0
    },
    {
      "name": "IbmCloudIamDetector"
    },
    {
      "name": "IbmCosHmacDetector"
    },
    {
      "name": "JwtTokenDetector"
    },
    {
      "name": "KeywordDetector",
      "keyword_exclude": ""
    },
    {
      "name": "MailchimpDetector"
    },
    {
      "name": "NpmDetector"
    },
    {
      "name": "PrivateKeyDetector"
    },
    {
      "name": "SendGridDetector"
    },
    {
      "name": "SlackDetector"
    },
    {
      "name": "SoftlayerDetector"
    },
    {
      "name": "SquareOAuthDetector"
    },
    {
      "name": "StripeDetector"
    },
    {
      "name": "TwilioKeyDetector"
    }
  ],
  "filters_used": [
    {
      "path": "detect_secrets.filters.allowlist.is_line_allowlisted"
    },
    {
      "path": "detect_secrets.filters.common.is_ignored_due_to_verification_policies",
      "min_level": 2
    },
    {
      "path": "detect_secrets.filters.heuristic.is_indirect_reference"
    },
    {
      "path": "detect_secrets.filters.heuristic.is_likely_id_string"
    },
    {
      "path": "detect_secrets.filters.heuristic.is_lock_file"
    },
    {
      "path": "detect_secrets.filters.heuristic.is_not_alphanumeric_string"
    },
    {
      "path": "detect_secrets.filters.heuristic.is_potential_uuid"
    },
    {
      "path": "detect_secrets.filters.heuristic.is_prefixed_with_dollar_sign"
    },
    {
      "path": "detect_secrets.filters.heuristic.is_sequential_string"
    },
    {
      "path": "detect_secrets.filters.heuristic.is_swagger_file"
    },
    {
      "path": "detect_secrets.filters.heuristic.is_templated_secret"
    }
  ],
  "results": {
    "client/rx/public/buttons.html": [
      {
        "type": "Base64 High Entropy String",
        "filename": "client/rx/public/buttons.html",
        "hashed_secret": "4637c68cb532441ccf9345f494f6d2dc66ab4c76",
        "is_verified": false,
        "line_number": 31
      }
    ],
    "public/genomepaint/index.html": [
      {
        "type": "Base64 High Entropy String",
        "filename": "public/genomepaint/index.html",
        "hashed_secret": "43aa592dff052e8cc8ce9d73619ea4f094cc00f2",
        "is_verified": false,
        "line_number": 9
      },
      {
        "type": "Base64 High Entropy String",
        "filename": "public/genomepaint/index.html",
        "hashed_secret": "917bf194afb61ae5537fede1c2fae72a301d3b24",
        "is_verified": false,
        "line_number": 10
      },
      {
        "type": "Base64 High Entropy String",
        "filename": "public/genomepaint/index.html",
        "hashed_secret": "f17c42f8ab9446410559784684ae98aa45bdd019",
        "is_verified": false,
        "line_number": 11
      },
      {
        "type": "Base64 High Entropy String",
        "filename": "public/genomepaint/index.html",
        "hashed_secret": "1c517392bf3648b440e98e3417481d7e83510456",
        "is_verified": false,
        "line_number": 12
      }
    ],
    "public/termdb-refresh.html": [
      {
        "type": "Base64 High Entropy String",
        "filename": "public/termdb-refresh.html",
        "hashed_secret": "4637c68cb532441ccf9345f494f6d2dc66ab4c76",
        "is_verified": false,
        "line_number": 11
      }
    ],
    "public/testrun.html": [
      {
        "type": "Base64 High Entropy String",
        "filename": "public/testrun.html",
        "hashed_secret": "d8d7323cd3e162df8b6c238d3b8e290ca72908ea",
        "is_verified": false,
        "line_number": 3
      },
      {
        "type": "Base64 High Entropy String",
        "filename": "public/testrun.html",
        "hashed_secret": "4637c68cb532441ccf9345f494f6d2dc66ab4c76",
        "is_verified": false,
        "line_number": 48
      }
    ],
    "server/dataset/pediatric.g4k.hg38.js": [
      {
        "type": "Base64 High Entropy String",
        "filename": "server/dataset/pediatric.g4k.hg38.js",
        "hashed_secret": "25f4b9eaf4be0cdb061d76117e920c9d6eb8474a",
        "is_verified": false,
        "line_number": 78
      },
      {
        "type": "Base64 High Entropy String",
        "filename": "server/dataset/pediatric.g4k.hg38.js",
        "hashed_secret": "0525074400646dd52672584f5a2d7e74ef8bb081",
        "is_verified": false,
        "line_number": 87
      }
    ],
    "server/dataset/pediatric2.hg38.js": [
      {
        "type": "Base64 High Entropy String",
        "filename": "server/dataset/pediatric2.hg38.js",
        "hashed_secret": "25f4b9eaf4be0cdb061d76117e920c9d6eb8474a",
        "is_verified": false,
        "line_number": 83
      },
      {
        "type": "Base64 High Entropy String",
        "filename": "server/dataset/pediatric2.hg38.js",
        "hashed_secret": "0525074400646dd52672584f5a2d7e74ef8bb081",
        "is_verified": false,
        "line_number": 92
      }
    ],
    "server/dataset/pediatric2.js": [
      {
        "type": "Base64 High Entropy String",
        "filename": "server/dataset/pediatric2.js",
        "hashed_secret": "25f4b9eaf4be0cdb061d76117e920c9d6eb8474a",
        "is_verified": false,
        "line_number": 61
      },
      {
        "type": "Base64 High Entropy String",
        "filename": "server/dataset/pediatric2.js",
        "hashed_secret": "0525074400646dd52672584f5a2d7e74ef8bb081",
        "is_verified": false,
        "line_number": 70
      }
    ],
    "server/src/test/data/cba4e9b412c7b8a7d08da0a729396a6bf39a233e": [
      {
        "type": "Twilio API Key",
        "filename": "server/src/test/data/cba4e9b412c7b8a7d08da0a729396a6bf39a233e",
        "hashed_secret": "51ad3d1d70ebd1d8d29fe05f64818057e7cdf965",
        "is_verified": false,
        "line_number": 1
      },
      {
        "type": "Twilio API Key",
        "filename": "server/src/test/data/cba4e9b412c7b8a7d08da0a729396a6bf39a233e",
        "hashed_secret": "7f7cd0e72fc71e5d14b8a5a893cee1adff841d57",
        "is_verified": false,
        "line_number": 1
      },
      {
        "type": "Twilio API Key",
        "filename": "server/src/test/data/cba4e9b412c7b8a7d08da0a729396a6bf39a233e",
        "hashed_secret": "de0c71b0494bccd5b8a342a52c0a67c049aa438d",
        "is_verified": false,
        "line_number": 1
      }
    ]
  },
  "generated_at": "2022-06-16T15:04:39Z"
}
